
> healthbridge@0.0.0 build
> vite build

[36mvite v8.0.3 [32mbuilding client environment for production...[36m[39m
[2K
transforming...Γ£ô 2205 modules transformed.
node.exe : [31mΓ£ù[39m Build failed in 947ms
At line:1 char:1
+ & "C:\Program Files\nodejs/node.exe" 
"C:\Program Files\nodejs/node_mo ...
+ ~~~~~~~~~~~~~~~~~~~~~~~~~~~~~~~~~~~~~~~~~~~~
~~~~~~~~~~~~~~~~~~~~~~~~~
    + CategoryInfo          : NotSpecified: 
([3    1mΓ£ù[39m Build failed in 
947ms:String) [],     RemoteException
    + FullyQualifiedErrorId : 
NativeCommandError
 
[31merror during build:
[31mBuild failed with 3 errors:

[31m[builtin:vite-transform] Error:[0m 
Expected `:` but found `Identifier`
    [38;5;246mΓò¡[0m[38;5;246mΓöÇ[0m[38;5
;246m[[0m src/context/ThemeContext.jsx:15:9 
[38;5;246m][0m
    [38;5;246mΓöé[0m
 [38;5;246m15 Γöé[0m [38;5;249m 
[0m[38;5;249m [0m[38;5;249mc[0m[38;5;249
mo[0m[38;5;249mn[0m[38;5;249ms[0m[38;5;2
49mt[0m[38;5;249m 
[0minstance_24BCE0979[38;5;249m 
[0m[38;5;249m=[0m[38;5;249m [0m[38;5;249
mn[0m[38;5;249me[0m[38;5;249mw[0m[38;5;2
49m [0m[38;5;249mS[0m[38;5;249ma[0m[38;5
;249mn[0m[38;5;249mt[0m[38;5;249mo[0m[38
;5;249ms[0m[38;5;249mh[0m[38;5;249mD[0m[
38;5;249ma[0m[38;5;249mr[0m[38;5;249mi[0m
[38;5;249ms[0m[38;5;249mi[0m[38;5;249m_[
0m[38;5;249m2[0m[38;5;249m4[0m[38;5;249mB
[0m[38;5;249mC[0m[38;5;249mE[0m[38;5;249
m0[0m[38;5;249m9[0m[38;5;249m7[0m[38;5;2
49m9[0m[38;5;249m([0m[38;5;249m)[0m[38;5
;249m;[0m
 [38;5;240m   Γöé[0m         ΓöÇΓöÇΓöÇΓöÇΓöÇ
ΓöÇΓöÇΓöÇΓöÇΓö¼ΓöÇΓöÇΓöÇΓöÇΓöÇΓöÇΓöÇΓöÇ  
 [38;5;240m   Γöé[0m                  
Γò░ΓöÇΓöÇΓöÇΓöÇΓöÇΓöÇΓöÇΓöÇΓöÇΓöÇ `:` expected
[38;5;246mΓöÇΓöÇΓöÇΓöÇΓò»[0m

[31m[builtin:vite-transform] Error:[0m 
Expected `:` but found `Identifier`
    [38;5;246mΓò¡[0m[38;5;246mΓöÇ[0m[38;5
;246m[[0m src/context/AuthContext.jsx:15:9 
[38;5;246m][0m
    [38;5;246mΓöé[0m
 [38;5;246m15 Γöé[0m [38;5;249m 
[0m[38;5;249m [0m[38;5;249mc[0m[38;5;249
mo[0m[38;5;249mn[0m[38;5;249ms[0m[38;5;2
49mt[0m[38;5;249m 
[0minstance_24BCE0979[38;5;249m 
[0m[38;5;249m=[0m[38;5;249m [0m[38;5;249
mn[0m[38;5;249me[0m[38;5;249mw[0m[38;5;2
49m [0m[38;5;249mS[0m[38;5;249ma[0m[38;5
;249mn[0m[38;5;249mt[0m[38;5;249mo[0m[38
;5;249ms[0m[38;5;249mh[0m[38;5;249mD[0m[
38;5;249ma[0m[38;5;249mr[0m[38;5;249mi[0m
[38;5;249ms[0m[38;5;249mi[0m[38;5;249m_[
0m[38;5;249m2[0m[38;5;249m4[0m[38;5;249mB
[0m[38;5;249mC[0m[38;5;249mE[0m[38;5;249
m0[0m[38;5;249m9[0m[38;5;249m7[0m[38;5;2
49m9[0m[38;5;249m([0m[38;5;249m)[0m[38;5
;249m;[0m
 [38;5;240m   Γöé[0m         ΓöÇΓöÇΓöÇΓöÇΓöÇ
ΓöÇΓöÇΓöÇΓöÇΓö¼ΓöÇΓöÇΓöÇΓöÇΓöÇΓöÇΓöÇΓöÇ  
 [38;5;240m   Γöé[0m                  
Γò░ΓöÇΓöÇΓöÇΓöÇΓöÇΓöÇΓöÇΓöÇΓöÇΓöÇ `:` expected
[38;5;246mΓöÇΓöÇΓöÇΓöÇΓò»[0m

[31m[builtin:vite-transform] Error:[0m 
Expected `:` but found `Identifier`
    [38;5;246mΓò¡[0m[38;5;246mΓöÇ[0m[38;5
;246m[[0m 
src/context/LanguageContext.jsx:16:9 
[38;5;246m][0m
    [38;5;246mΓöé[0m
 [38;5;246m16 Γöé[0m [38;5;249m 
[0m[38;5;249m [0m[38;5;249mc[0m[38;5;249
mo[0m[38;5;249mn[0m[38;5;249ms[0m[38;5;2
49mt[0m[38;5;249m 
[0minstance_24BCE0979[38;5;249m 
[0m[38;5;249m=[0m[38;5;249m [0m[38;5;249
mn[0m[38;5;249me[0m[38;5;249mw[0m[38;5;2
49m [0m[38;5;249mS[0m[38;5;249ma[0m[38;5
;249mn[0m[38;5;249mt[0m[38;5;249mo[0m[38
;5;249ms[0m[38;5;249mh[0m[38;5;249mD[0m[
38;5;249ma[0m[38;5;249mr[0m[38;5;249mi[0m
[38;5;249ms[0m[38;5;249mi[0m[38;5;249m_[
0m[38;5;249m2[0m[38;5;249m4[0m[38;5;249mB
[0m[38;5;249mC[0m[38;5;249mE[0m[38;5;249
m0[0m[38;5;249m9[0m[38;5;249m7[0m[38;5;2
49m9[0m[38;5;249m([0m[38;5;249m)[0m[38;5
;249m;[0m
 [38;5;240m   Γöé[0m         ΓöÇΓöÇΓöÇΓöÇΓöÇ
ΓöÇΓöÇΓöÇΓöÇΓö¼ΓöÇΓöÇΓöÇΓöÇΓöÇΓöÇΓöÇΓöÇ  
 [38;5;240m   Γöé[0m                  
Γò░ΓöÇΓöÇΓöÇΓöÇΓöÇΓöÇΓöÇΓöÇΓöÇΓöÇ `:` expected
[38;5;246mΓöÇΓöÇΓöÇΓöÇΓò»[0m
[31m
    at aggregateBindingErrorsIntoJsError (file
:///C:/Users/Jagadeesh/Desktop/healthbridge/he
althbridge/node_modules/rolldown/dist/shared/e
rror-BLhcSyeg.mjs:48:18)
    at unwrapBindingResult (file:///C:/Users/J
agadeesh/Desktop/healthbridge/healthbridge/nod
e_modules/rolldown/dist/shared/error-BLhcSyeg.
mjs:18:128)
    at #build (file:///C:/Users/Jagadeesh/Desk
top/healthbridge/healthbridge/node_modules/rol
ldown/dist/shared/rolldown-build-CPrIX9V6.mjs:
3313:34)
    at async buildEnvironment (file:///C:/User
s/Jagadeesh/Desktop/healthbridge/healthbridge/
node_modules/vite/dist/node/chunks/node.js:328
49:64)
    at async Object.build (file:///C:/Users/Ja
gadeesh/Desktop/healthbridge/healthbridge/node
_modules/vite/dist/node/chunks/node.js:33271:1
9)
    at async Object.buildApp (file:///C:/Users
/Jagadeesh/Desktop/healthbridge/healthbridge/n
ode_modules/vite/dist/node/chunks/node.js:3326
8:153)
    at async CAC.<anonymous> (file:///C:/Users
/Jagadeesh/Desktop/healthbridge/healthbridge/n
ode_modules/vite/dist/node/cli.js:778:3) {
  errors: [Getter/Setter]
}[39m
